Archive member included to satisfy reference by file (symbol)

../external/ps2sdk/ps2sdk/ee/lib\libcglue.a(_libcglue_init.o)
                              D:/MyNFSCode/MC3CarRandomizer/external/ps2sdk/ee/bin/../lib/gcc/mips64r5900el-ps2-elf/14.2.0/../../../../mips64r5900el-ps2-elf/lib/crt0.o (symbol from plugin) (_libcglue_init)
../external/ps2sdk/ps2sdk/ee/lib\libcglue.a(_libcglue_deinit.o)
                              D:/MyNFSCode/MC3CarRandomizer/external/ps2sdk/ee/bin/../lib/gcc/mips64r5900el-ps2-elf/14.2.0/../../../../mips64r5900el-ps2-elf/lib/crt0.o (symbol from plugin) (_libcglue_deinit)
../external/ps2sdk/ps2sdk/ee/lib\libcglue.a(_libcglue_args_parse.o)
                              D:/MyNFSCode/MC3CarRandomizer/external/ps2sdk/ee/bin/../lib/gcc/mips64r5900el-ps2-elf/14.2.0/../../../../mips64r5900el-ps2-elf/lib/crt0.o (symbol from plugin) (_libcglue_args_parse)
../external/ps2sdk/ps2sdk/ee/lib\libcglue.a(__init_cwd.o)
                              ../external/ps2sdk/ps2sdk/ee/lib\libcglue.a(_libcglue_args_parse.o) (__init_cwd)
../external/ps2sdk/ps2sdk/ee/lib\libcglue.a(chdir.o)
                              ../external/ps2sdk/ps2sdk/ee/lib\libcglue.a(__init_cwd.o) (chdir)
../external/ps2sdk/ps2sdk/ee/lib\libcglue.a(__locks_init.o)
                              ../external/ps2sdk/ps2sdk/ee/lib\libcglue.a(_libcglue_init.o) (__locks_init)
../external/ps2sdk/ps2sdk/ee/lib\libcglue.a(__locks_deinit.o)
                              ../external/ps2sdk/ps2sdk/ee/lib\libcglue.a(_libcglue_deinit.o) (__locks_deinit)
../external/ps2sdk/ps2sdk/ee/lib\libcglue.a(rtc.o)
                              ../external/ps2sdk/ps2sdk/ee/lib\libcglue.a(_libcglue_init.o) (_libcglue_rtc_update)
../external/ps2sdk/ps2sdk/ee/lib\libcglue.a(_libcglue_timezone_update.o)
                              ../external/ps2sdk/ps2sdk/ee/lib\libcglue.a(_libcglue_init.o) (_libcglue_timezone_update)
../external/ps2sdk/ps2sdk/ee/lib\libcglue.a(__fdman_init.o)
                              ../external/ps2sdk/ps2sdk/ee/lib\libcglue.a(_libcglue_init.o) (__fdman_init)
../external/ps2sdk/ps2sdk/ee/lib\libcglue.a(__fdman_deinit.o)
                              ../external/ps2sdk/ps2sdk/ee/lib\libcglue.a(_libcglue_deinit.o) (__fdman_deinit)
../external/ps2sdk/ps2sdk/ee/lib\libcglue.a(__gprof_init.o)
                              ../external/ps2sdk/ps2sdk/ee/lib\libcglue.a(_libcglue_init.o) (__gprof_init)
../external/ps2sdk/ps2sdk/ee/lib\libcglue.a(__gprof_cleanup.o)
                              ../external/ps2sdk/ps2sdk/ee/lib\libcglue.a(_libcglue_deinit.o) (__gprof_cleanup)
../external/ps2sdk/ps2sdk/ee/lib\libcglue.a(__libpthreadglue_init.o)
                              ../external/ps2sdk/ps2sdk/ee/lib\libcglue.a(_libcglue_init.o) (__libpthreadglue_init)
../external/ps2sdk/ps2sdk/ee/lib\libcglue.a(__libpthreadglue_deinit.o)
                              ../external/ps2sdk/ps2sdk/ee/lib\libcglue.a(_libcglue_deinit.o) (__libpthreadglue_deinit)
../external/ps2sdk/ps2sdk/ee/lib\libcglue.a(__cwd.o)
                              ../external/ps2sdk/ps2sdk/ee/lib\libcglue.a(chdir.o) (__cwd)
../external/ps2sdk/ps2sdk/ee/lib\libcglue.a(__cwd_len.o)
                              ../external/ps2sdk/ps2sdk/ee/lib\libcglue.a(chdir.o) (__cwd_len)
../external/ps2sdk/ps2sdk/ee/lib\libcglue.a(__path_absolute.o)
                              ../external/ps2sdk/ps2sdk/ee/lib\libcglue.a(chdir.o) (__path_absolute)
../external/ps2sdk/ps2sdk/ee/lib\libcglue.a(__libcglue_init_stdio.o)
                              ../external/ps2sdk/ps2sdk/ee/lib\libcglue.a(__fdman_init.o) (__libcglue_init_stdio)
../external/ps2sdk/ps2sdk/ee/lib\libcglue.a(__lock___sfp_recursive_mutex.o)
                              ../external/ps2sdk/ps2sdk/ee/lib\libcglue.a(__locks_init.o) (__lock___sfp_recursive_mutex)
../external/ps2sdk/ps2sdk/ee/lib\libcglue.a(__lock___atexit_recursive_mutex.o)
                              ../external/ps2sdk/ps2sdk/ee/lib\libcglue.a(__locks_init.o) (__lock___atexit_recursive_mutex)
../external/ps2sdk/ps2sdk/ee/lib\libcglue.a(__lock___at_quick_exit_mutex.o)
                              ../external/ps2sdk/ps2sdk/ee/lib\libcglue.a(__locks_init.o) (__lock___at_quick_exit_mutex)
../external/ps2sdk/ps2sdk/ee/lib\libcglue.a(__lock___malloc_recursive_mutex.o)
                              ../external/ps2sdk/ps2sdk/ee/lib\libcglue.a(__locks_init.o) (__lock___malloc_recursive_mutex)
../external/ps2sdk/ps2sdk/ee/lib\libcglue.a(__lock___env_recursive_mutex.o)
                              ../external/ps2sdk/ps2sdk/ee/lib\libcglue.a(__locks_init.o) (__lock___env_recursive_mutex)
../external/ps2sdk/ps2sdk/ee/lib\libcglue.a(__lock___tz_mutex.o)
                              ../external/ps2sdk/ps2sdk/ee/lib\libcglue.a(__locks_init.o) (__lock___tz_mutex)
../external/ps2sdk/ps2sdk/ee/lib\libcglue.a(__lock___dd_hash_mutex.o)
                              ../external/ps2sdk/ps2sdk/ee/lib\libcglue.a(__locks_init.o) (__lock___dd_hash_mutex)
[...]
Memory Configuration

Name             Origin             Length             Attributes
*default*        0x00000000         0xffffffff

Linker script and memory map

LOAD D:/MyNFSCode/MC3CarRandomizer/external/ps2sdk/ee/bin/../lib/gcc/mips64r5900el-ps2-elf/14.2.0/../../../../mips64r5900el-ps2-elf/lib/crt0.o
LOAD C:\Users\Lovro\AppData\Local\Temp\ccoRC6Ya.ltrans0.ltrans.o
LOAD C:\Users\Lovro\AppData\Local\Temp\ccYhF1Ne.debug.temp.o
LOAD C:\Users\Lovro\AppData\Local\Temp\cckZbJNh.debug.temp.o
LOAD C:\Users\Lovro\AppData\Local\Temp\ccO8cEPk.debug.temp.o
LOAD C:\Users\Lovro\AppData\Local\Temp\ccwn1ETn.debug.temp.o
LOAD C:\Users\Lovro\AppData\Local\Temp\ccofP2hr.debug.temp.o
LOAD C:\Users\Lovro\AppData\Local\Temp\ccmyTUIu.debug.temp.o
LOAD C:\Users\Lovro\AppData\Local\Temp\ccqIBAby.debug.temp.o
LOAD C:\Users\Lovro\AppData\Local\Temp\ccAZ5ZDB.debug.temp.o
LOAD C:\Users\Lovro\AppData\Local\Temp\ccUhSL8E.debug.temp.o
LOAD C:\Users\Lovro\AppData\Local\Temp\cc6ZbrnI.debug.temp.o
LOAD C:\Users\Lovro\AppData\Local\Temp\ccMFY5DL.debug.temp.o
LOAD C:\Users\Lovro\AppData\Local\Temp\ccs7F5WO.debug.temp.o
LOAD C:\Users\Lovro\AppData\Local\Temp\ccamw9hS.debug.temp.o
LOAD C:\Users\Lovro\AppData\Local\Temp\cc0aH7MU.debug.temp.o
LOAD C:\Users\Lovro\AppData\Local\Temp\ccGsjRjX.debug.temp.o
LOAD C:\Users\Lovro\AppData\Local\Temp\ccIzo7SZ.debug.temp.o
LOAD C:\Users\Lovro\AppData\Local\Temp\ccWuSKf2.debug.temp.o
LOAD C:\Users\Lovro\AppData\Local\Temp\cc42rIE4.debug.temp.o
LOAD C:\Users\Lovro\AppData\Local\Temp\ccsrEi36.debug.temp.o
LOAD C:\Users\Lovro\AppData\Local\Temp\cc4qa7t9.debug.temp.o
LOAD C:\Users\Lovro\AppData\Local\Temp\ccg5xlXb.debug.temp.o
LOAD C:\Users\Lovro\AppData\Local\Temp\ccQ9gzKe.debug.temp.o
LOAD D:/MyNFSCode/MC3CarRandomizer/external/ps2sdk/ee/bin/../lib/gcc/mips64r5900el-ps2-elf/14.2.0/crti.o
LOAD D:/MyNFSCode/MC3CarRandomizer/external/ps2sdk/ee/bin/../lib/gcc/mips64r5900el-ps2-elf/14.2.0/crtbegin.o
LOAD main.o
LOAD C:\Users\Lovro\AppData\Local\Temp\ccEEBTzC.o
LOAD C:\Users\Lovro\AppData\Local\Temp\cclJpQcq.o
LOAD C:\Users\Lovro\AppData\Local\Temp\ccY7Ogqk.o
LOAD C:\Users\Lovro\AppData\Local\Temp\ccJMAv1f.o
LOAD C:\Users\Lovro\AppData\Local\Temp\ccaHxZke.o
LOAD C:\Users\Lovro\AppData\Local\Temp\ccTOim8d.o
LOAD C:\Users\Lovro\AppData\Local\Temp\cc8KzqKi.o
                0x02100000                        BASE_ADDRESS = 0x2100000
LOAD D:/MyNFSCode/MC3CarRandomizer/external/ps2sdk/ee/bin/../lib/gcc/mips64r5900el-ps2-elf/14.2.0/../../../../mips64r5900el-ps2-elf/lib\libm_nano.a
LOAD D:/MyNFSCode/MC3CarRandomizer/external/ps2sdk/ee/bin/../lib/gcc/mips64r5900el-ps2-elf/14.2.0\libgcc.a
START GROUP
LOAD D:/MyNFSCode/MC3CarRandomizer/external/ps2sdk/ee/bin/../lib/gcc/mips64r5900el-ps2-elf/14.2.0/../../../../mips64r5900el-ps2-elf/lib\libc_nano.a
LOAD ../external/ps2sdk/ps2sdk/ee/lib\libcdvd.a
LOAD ../external/ps2sdk/ps2sdk/ee/lib\libcglue.a
LOAD D:/MyNFSCode/MC3CarRandomizer/external/ps2sdk/ee/bin/../lib/gcc/mips64r5900el-ps2-elf/14.2.0/../../../../mips64r5900el-ps2-elf/lib\libpthread.a
LOAD ../external/ps2sdk/ps2sdk/ee/lib\libpthreadglue.a
LOAD ../external/ps2sdk/ps2sdk/ee/lib\libkernel.a
END GROUP
LOAD D:/MyNFSCode/MC3CarRandomizer/external/ps2sdk/ee/bin/../lib/gcc/mips64r5900el-ps2-elf/14.2.0/crtend.o
LOAD D:/MyNFSCode/MC3CarRandomizer/external/ps2sdk/ee/bin/../lib/gcc/mips64r5900el-ps2-elf/14.2.0/crtn.o

.text           0x02100000      0x7c8
                0x02100000                        _ftext = .
 *(.text)
 .text          0x02100000      0x198 D:/MyNFSCode/MC3CarRandomizer/external/ps2sdk/ee/bin/../lib/gcc/mips64r5900el-ps2-elf/14.2.0/crtbegin.o
 .text          0x02100198       0x6c C:\Users\Lovro\AppData\Local\Temp\cc8KzqKi.o
                0x02100198                hkCameraAI_Director_SelectAction
                0x021001dc                hkCDActionIce_Construct
 *fill*         0x02100204        0x4 
 .text          0x02100208       0x60 D:/MyNFSCode/MC3CarRandomizer/external/ps2sdk/ee/bin/../lib/gcc/mips64r5900el-ps2-elf/14.2.0/crtend.o
 *(.text.*)
 .text.InitializeEverything_Hook
                0x02100268       0x48 main.o
                0x02100268                InitializeEverything_Hook
 .text.init     0x021002b0       0x58 main.o
                0x021002b0                init
 .text.minj_MakeJMPwNOP
                0x02100308       0x20 C:\Users\Lovro\AppData\Local\Temp\ccEEBTzC.o
                0x02100308                minj_MakeJMPwNOP
 .text.minj_MakeCALL
                0x02100328       0x18 C:\Users\Lovro\AppData\Local\Temp\ccEEBTzC.o
                0x02100328                minj_MakeCALL
 .text.minj_GetBranchDestination
                0x02100340       0x18 C:\Users\Lovro\AppData\Local\Temp\ccEEBTzC.o
                0x02100340                minj_GetBranchDestination
 .text.gprintf_init
                0x02100358       0x30 C:\Users\Lovro\AppData\Local\Temp\cclJpQcq.o
                0x02100358                gprintf_init
 .text.ActionQueue_IsEmpty
                0x02100388       0x10 C:\Users\Lovro\AppData\Local\Temp\ccY7Ogqk.o
                0x02100388                ActionQueue_IsEmpty
 .text.ActionQueue_GetAction
                0x02100398       0x10 C:\Users\Lovro\AppData\Local\Temp\ccY7Ogqk.o
                0x02100398                ActionQueue_GetAction
 .text.ActionQueue_PopAction
                0x021003a8       0x10 C:\Users\Lovro\AppData\Local\Temp\ccY7Ogqk.o
                0x021003a8                ActionQueue_PopAction
 .text.ActionQueue_ActionQueue
                0x021003b8       0x10 C:\Users\Lovro\AppData\Local\Temp\ccY7Ogqk.o
                0x021003b8                ActionQueue_ActionQueue
 .text.Attrib_StringHash32
                0x021003c8       0x10 C:\Users\Lovro\AppData\Local\Temp\ccJMAv1f.o
                0x021003c8                Attrib_StringHash32
 .text.Attrib_StringHash64
                0x021003d8       0x10 C:\Users\Lovro\AppData\Local\Temp\ccJMAv1f.o
                0x021003d8                Attrib_StringHash64
 .text.NIS_GetScene
                0x021003e8       0x38 C:\Users\Lovro\AppData\Local\Temp\ccaHxZke.o
                0x021003e8                NIS_GetScene
 .text.ICEManager_SetActionQ
                0x02100420       0x10 C:\Users\Lovro\AppData\Local\Temp\ccTOim8d.o
                0x02100420                ICEManager_SetActionQ
 .text.ICEManager_EditorOn
                0x02100430       0x18 C:\Users\Lovro\AppData\Local\Temp\ccTOim8d.o
                0x02100430                ICEManager_EditorOn
 .text.ToggleDebugCam
                0x02100448       0xb0 C:\Users\Lovro\AppData\Local\Temp\cc8KzqKi.o
                0x02100448                ToggleDebugCam
 .text.CameraAI_Director_SelectDebugAction
                0x021004f8      0x118 C:\Users\Lovro\AppData\Local\Temp\cc8KzqKi.o
                0x021004f8                CameraAI_Director_SelectDebugAction
 .text.CheckICEEditor
                0x02100610       0x88 C:\Users\Lovro\AppData\Local\Temp\cc8KzqKi.o
                0x02100610                CheckICEEditor
 .text.NFSMW_ICE_Init
                0x02100698       0x50 C:\Users\Lovro\AppData\Local\Temp\cc8KzqKi.o
                0x02100698                NFSMW_ICE_Init
 .text.NFSMW_ICE_PostInit
                0x021006e8       0x68 C:\Users\Lovro\AppData\Local\Temp\cc8KzqKi.o
                0x021006e8                NFSMW_ICE_PostInit
 *(.gnu.linkonce.t*)
 *(.rodata)
 *(.data)
 *(.init)
 .init          0x02100750        0x8 D:/MyNFSCode/MC3CarRandomizer/external/ps2sdk/ee/bin/../lib/gcc/mips64r5900el-ps2-elf/14.2.0/crti.o
                0x02100750                _init
 .init          0x02100758       0x18 D:/MyNFSCode/MC3CarRandomizer/external/ps2sdk/ee/bin/../lib/gcc/mips64r5900el-ps2-elf/14.2.0/crtbegin.o
 .init          0x02100770       0x18 D:/MyNFSCode/MC3CarRandomizer/external/ps2sdk/ee/bin/../lib/gcc/mips64r5900el-ps2-elf/14.2.0/crtend.o
 .init          0x02100788        0xc D:/MyNFSCode/MC3CarRandomizer/external/ps2sdk/ee/bin/../lib/gcc/mips64r5900el-ps2-elf/14.2.0/crtn.o
 *(.fini)
 .fini          0x02100794        0x8 D:/MyNFSCode/MC3CarRandomizer/external/ps2sdk/ee/bin/../lib/gcc/mips64r5900el-ps2-elf/14.2.0/crti.o
                0x02100794                _fini
 .fini          0x0210079c       0x18 D:/MyNFSCode/MC3CarRandomizer/external/ps2sdk/ee/bin/../lib/gcc/mips64r5900el-ps2-elf/14.2.0/crtbegin.o
 .fini          0x021007b4        0xc D:/MyNFSCode/MC3CarRandomizer/external/ps2sdk/ee/bin/../lib/gcc/mips64r5900el-ps2-elf/14.2.0/crtn.o
                0x021007c0        0x8 QUAD 0x0
                [!provide]                        PROVIDE (_etext = .)
                [!provide]                        PROVIDE (etext = .)

/DISCARD/
 *(.MIPS.abiflags)
 *(.reginfo)
 *(.gnu.attributes)

.rodata         0x02100800       0x72
 *(.rodata)
 *(.rodata.*)
 .rodata.init.str1.8
                0x02100800       0x72 main.o
                                 0x22 (size before relaxing)
 .rodata.CreateICEManagerActionQ.str1.8
                0x02100872        0x4 C:\Users\Lovro\AppData\Local\Temp\cc8KzqKi.o
 .rodata.NFSMW_ICE_Init.str1.8
                0x02100872       0x1e C:\Users\Lovro\AppData\Local\Temp\cc8KzqKi.o
 .rodata.NFSMW_ICE_PostInit.str1.8
                0x02100872       0x22 C:\Users\Lovro\AppData\Local\Temp\cc8KzqKi.o
 *(.gnu.linkonce.r*)

.eh_frame       0x02100874        0x0
 .eh_frame      0x02100874        0x0 D:/MyNFSCode/MC3CarRandomizer/external/ps2sdk/ee/bin/../lib/gcc/mips64r5900el-ps2-elf/14.2.0/crtbegin.o

.data           0x02100880       0x44
                0x02100880                        _fdata = .
 *(.data)
 *(.data.*)
 .data.InitializeEverything
                0x02100880        0x4 main.o
                0x02100880                InitializeEverything
 .data.loc_2EF1FC
                0x02100884        0x4 main.o
                0x02100884                loc_2EF1FC
 .data.CompatibleCRCList
                0x02100888        0x4 main.o
                0x02100888                CompatibleCRCList
 .data.gprintf  0x0210088c        0x4 C:\Users\Lovro\AppData\Local\Temp\cclJpQcq.o
                0x0210088c                gprintf
 .data.pActionQueue_ActionQueue
                0x02100890        0x4 C:\Users\Lovro\AppData\Local\Temp\ccY7Ogqk.o
                0x02100890                pActionQueue_ActionQueue
 .data.pActionQueue_PopAction
                0x02100894        0x4 C:\Users\Lovro\AppData\Local\Temp\ccY7Ogqk.o
                0x02100894                pActionQueue_PopAction
 .data.pActionQueue_GetAction
                0x02100898        0x4 C:\Users\Lovro\AppData\Local\Temp\ccY7Ogqk.o
                0x02100898                pActionQueue_GetAction
 .data.pActionQueue_IsEmpty
                0x0210089c        0x4 C:\Users\Lovro\AppData\Local\Temp\ccY7Ogqk.o
                0x0210089c                pActionQueue_IsEmpty
 .data.pAttrib_StringHash64
                0x021008a0        0x4 C:\Users\Lovro\AppData\Local\Temp\ccJMAv1f.o
                0x021008a0                pAttrib_StringHash64
 .data.pAttrib_StringHash32
                0x021008a4        0x4 C:\Users\Lovro\AppData\Local\Temp\ccJMAv1f.o
                0x021008a4                pAttrib_StringHash32
 .data.INIS_Singleton
                0x021008a8        0x4 C:\Users\Lovro\AppData\Local\Temp\ccaHxZke.o
                0x021008a8                INIS_Singleton
 .data.pTheICEManager
                0x021008ac        0x4 C:\Users\Lovro\AppData\Local\Temp\ccTOim8d.o
                0x021008ac                pTheICEManager
 .data.DoScreenPrintf
                0x021008b0        0x4 C:\Users\Lovro\AppData\Local\Temp\cc8KzqKi.o
                0x021008b0                DoScreenPrintf
 .data.Tweak_EnableICEAuthoring
                0x021008b4        0x4 C:\Users\Lovro\AppData\Local\Temp\cc8KzqKi.o
                0x021008b4                Tweak_EnableICEAuthoring
 .data.CDActionIceStr
                0x021008b8        0x4 C:\Users\Lovro\AppData\Local\Temp\cc8KzqKi.o
                0x021008b8                CDActionIceStr
 .data.CDActionDebugStr
                0x021008bc        0x4 C:\Users\Lovro\AppData\Local\Temp\cc8KzqKi.o
                0x021008bc                CDActionDebugStr
 .data.CDActionDriveStr
                0x021008c0        0x4 C:\Users\Lovro\AppData\Local\Temp\cc8KzqKi.o
                0x021008c0                CDActionDriveStr
 *(.gnu.linkonce.d*)

.dtors          0x021008c4        0x8
 .dtors         0x021008c4        0x4 D:/MyNFSCode/MC3CarRandomizer/external/ps2sdk/ee/bin/../lib/gcc/mips64r5900el-ps2-elf/14.2.0/crtbegin.o
 .dtors         0x021008c8        0x4 D:/MyNFSCode/MC3CarRandomizer/external/ps2sdk/ee/bin/../lib/gcc/mips64r5900el-ps2-elf/14.2.0/crtend.o
                0x021008c8                __DTOR_END__

.tm_clone_table
                0x021008cc        0x0
 .tm_clone_table
                0x021008cc        0x0 D:/MyNFSCode/MC3CarRandomizer/external/ps2sdk/ee/bin/../lib/gcc/mips64r5900el-ps2-elf/14.2.0/crtbegin.o
 .tm_clone_table
                0x021008cc        0x0 D:/MyNFSCode/MC3CarRandomizer/external/ps2sdk/ee/bin/../lib/gcc/mips64r5900el-ps2-elf/14.2.0/crtend.o

.ctors          0x021008cc        0x4
 .ctors         0x021008cc        0x4 D:/MyNFSCode/MC3CarRandomizer/external/ps2sdk/ee/bin/../lib/gcc/mips64r5900el-ps2-elf/14.2.0/crtend.o

.rdata
 *(.rdata)

.gcc_except_table
 *(.gcc_except_table)
                0x021088f0                        _gp = (ALIGN (0x80) + 0x7ff0)

.lit4
 *(.lit4)

.lit8
 *(.lit8)

.sdata
 *(.sdata)
 *(.sdata.*)
 *(.gnu.linkonce.s*)
                0x021008d0                        _edata = .
                [!provide]                        PROVIDE (edata = .)

.sbss           0x02100900        0x0
                0x02100900                        _fbss = .
 *(.sbss)
 *(.sbss.*)
 *(.gnu.linkonce.sb*)
 *(.scommon)

.bss            0x02100900      0x2c0
 *(.bss)
 .bss           0x02100900       0x20 D:/MyNFSCode/MC3CarRandomizer/external/ps2sdk/ee/bin/../lib/gcc/mips64r5900el-ps2-elf/14.2.0/crtbegin.o
 *(.bss.*)
 .bss.DoScreenPrintf_Backup
                0x02100920        0x4 C:\Users\Lovro\AppData\Local\Temp\cc8KzqKi.o
                0x02100920                DoScreenPrintf_Backup
 *fill*         0x02100924        0x4 
 .bss.IceInputQ
                0x02100928      0x298 C:\Users\Lovro\AppData\Local\Temp\cc8KzqKi.o
                0x02100928                IceInputQ
 *(.gnu.linkonce.b*)
 *(COMMON)
                0x02100bc0                        _end_bss = .
                0x02100bc0                        _end = .
                [!provide]                        PROVIDE (end = .)
                0xffffffff                        PROVIDE (_heap_size = 0xffffffffffffffff)
                [!provide]                        PROVIDE (_stack = 0xffffffffffffffff)
                [!provide]                        PROVIDE (_stack_size = 0x20000)
OUTPUT(../build/NFSMW-PS2-ICE.elf elf32-nlittlemips)

.pdr            0x00000000        0x0
 .pdr           0x00000000        0x0 D:/MyNFSCode/MC3CarRandomizer/external/ps2sdk/ee/bin/../lib/gcc/mips64r5900el-ps2-elf/14.2.0/crti.o
 .pdr           0x00000000        0x0 D:/MyNFSCode/MC3CarRandomizer/external/ps2sdk/ee/bin/../lib/gcc/mips64r5900el-ps2-elf/14.2.0/crtbegin.o
 .pdr           0x00000000        0x0 D:/MyNFSCode/MC3CarRandomizer/external/ps2sdk/ee/bin/../lib/gcc/mips64r5900el-ps2-elf/14.2.0/crtend.o
 .pdr           0x00000000        0x0 D:/MyNFSCode/MC3CarRandomizer/external/ps2sdk/ee/bin/../lib/gcc/mips64r5900el-ps2-elf/14.2.0/crtn.o

.mdebug.abiN32  0x00000000        0x0
 .mdebug.abiN32
                0x00000000        0x0 D:/MyNFSCode/MC3CarRandomizer/external/ps2sdk/ee/bin/../lib/gcc/mips64r5900el-ps2-elf/14.2.0/crtbegin.o
 .mdebug.abiN32
                0x00000000        0x0 main.o
 .mdebug.abiN32
                0x00000000        0x0 C:\Users\Lovro\AppData\Local\Temp\ccEEBTzC.o
 .mdebug.abiN32
                0x00000000        0x0 C:\Users\Lovro\AppData\Local\Temp\cclJpQcq.o
 .mdebug.abiN32
                0x00000000        0x0 C:\Users\Lovro\AppData\Local\Temp\ccY7Ogqk.o
 .mdebug.abiN32
                0x00000000        0x0 C:\Users\Lovro\AppData\Local\Temp\ccJMAv1f.o
 .mdebug.abiN32
                0x00000000        0x0 C:\Users\Lovro\AppData\Local\Temp\ccaHxZke.o
 .mdebug.abiN32
                0x00000000        0x0 C:\Users\Lovro\AppData\Local\Temp\ccTOim8d.o
 .mdebug.abiN32
                0x00000000        0x0 C:\Users\Lovro\AppData\Local\Temp\cc8KzqKi.o
 .mdebug.abiN32
                0x00000000        0x0 D:/MyNFSCode/MC3CarRandomizer/external/ps2sdk/ee/bin/../lib/gcc/mips64r5900el-ps2-elf/14.2.0/crtend.o

.comment        0x00000000       0x12
 .comment       0x00000000       0x12 D:/MyNFSCode/MC3CarRandomizer/external/ps2sdk/ee/bin/../lib/gcc/mips64r5900el-ps2-elf/14.2.0/crtbegin.o
                                 0x13 (size before relaxing)
 .comment       0x00000012       0x13 main.o
 .comment       0x00000012       0x13 C:\Users\Lovro\AppData\Local\Temp\ccEEBTzC.o
 .comment       0x00000012       0x13 C:\Users\Lovro\AppData\Local\Temp\cclJpQcq.o
 .comment       0x00000012       0x13 C:\Users\Lovro\AppData\Local\Temp\ccY7Ogqk.o
 .comment       0x00000012       0x13 C:\Users\Lovro\AppData\Local\Temp\ccJMAv1f.o
 .comment       0x00000012       0x13 C:\Users\Lovro\AppData\Local\Temp\ccaHxZke.o
 .comment       0x00000012       0x13 C:\Users\Lovro\AppData\Local\Temp\ccTOim8d.o
 .comment       0x00000012       0x13 C:\Users\Lovro\AppData\Local\Temp\cc8KzqKi.o
 .comment       0x00000012       0x13 D:/MyNFSCode/MC3CarRandomizer/external/ps2sdk/ee/bin/../lib/gcc/mips64r5900el-ps2-elf/14.2.0/crtend.o

.debug_info     0x00000000     0x2478
 .debug_info    0x00000000      0x382 main.o
 .debug_info    0x00000382      0xb58 C:\Users\Lovro\AppData\Local\Temp\ccEEBTzC.o
 .debug_info    0x00000eda      0x136 C:\Users\Lovro\AppData\Local\Temp\cclJpQcq.o
 .debug_info    0x00001010      0x35f C:\Users\Lovro\AppData\Local\Temp\ccY7Ogqk.o
 .debug_info    0x0000136f      0x18a C:\Users\Lovro\AppData\Local\Temp\ccJMAv1f.o
 .debug_info    0x000014f9      0x1a9 C:\Users\Lovro\AppData\Local\Temp\ccaHxZke.o
 .debug_info    0x000016a2      0x13c C:\Users\Lovro\AppData\Local\Temp\ccTOim8d.o
 .debug_info    0x000017de      0xc9a C:\Users\Lovro\AppData\Local\Temp\cc8KzqKi.o

.debug_abbrev   0x00000000      0xd06
 .debug_abbrev  0x00000000      0x21f main.o
 .debug_abbrev  0x0000021f      0x33c C:\Users\Lovro\AppData\Local\Temp\ccEEBTzC.o
 .debug_abbrev  0x0000055b       0xeb C:\Users\Lovro\AppData\Local\Temp\cclJpQcq.o
 .debug_abbrev  0x00000646      0x135 C:\Users\Lovro\AppData\Local\Temp\ccY7Ogqk.o
 .debug_abbrev  0x0000077b       0xd6 C:\Users\Lovro\AppData\Local\Temp\ccJMAv1f.o
 .debug_abbrev  0x00000851      0x139 C:\Users\Lovro\AppData\Local\Temp\ccaHxZke.o
 .debug_abbrev  0x0000098a       0xb4 C:\Users\Lovro\AppData\Local\Temp\ccTOim8d.o
 .debug_abbrev  0x00000a3e      0x2c8 C:\Users\Lovro\AppData\Local\Temp\cc8KzqKi.o

.debug_loc      0x00000000     0x10bb
 .debug_loc     0x00000000       0xdd main.o
 .debug_loc     0x000000dd      0x88f C:\Users\Lovro\AppData\Local\Temp\ccEEBTzC.o
 .debug_loc     0x0000096c       0x41 C:\Users\Lovro\AppData\Local\Temp\cclJpQcq.o
 .debug_loc     0x000009ad      0x154 C:\Users\Lovro\AppData\Local\Temp\ccY7Ogqk.o
 .debug_loc     0x00000b01       0x56 C:\Users\Lovro\AppData\Local\Temp\ccJMAv1f.o
 .debug_loc     0x00000b57       0xa0 C:\Users\Lovro\AppData\Local\Temp\ccaHxZke.o
 .debug_loc     0x00000bf7      0x4c4 C:\Users\Lovro\AppData\Local\Temp\cc8KzqKi.o

.debug_aranges  0x00000000      0x220
 .debug_aranges
                0x00000000       0x38 main.o
 .debug_aranges
                0x00000038       0xb8 C:\Users\Lovro\AppData\Local\Temp\ccEEBTzC.o
 .debug_aranges
                0x000000f0       0x20 C:\Users\Lovro\AppData\Local\Temp\cclJpQcq.o
 .debug_aranges
                0x00000110       0x38 C:\Users\Lovro\AppData\Local\Temp\ccY7Ogqk.o
 .debug_aranges
                0x00000148       0x28 C:\Users\Lovro\AppData\Local\Temp\ccJMAv1f.o
 .debug_aranges
                0x00000170       0x28 C:\Users\Lovro\AppData\Local\Temp\ccaHxZke.o
 .debug_aranges
                0x00000198       0x30 C:\Users\Lovro\AppData\Local\Temp\ccTOim8d.o
 .debug_aranges
                0x000001c8       0x58 C:\Users\Lovro\AppData\Local\Temp\cc8KzqKi.o

.debug_ranges   0x00000000      0x3d0
 .debug_ranges  0x00000000       0x48 main.o
 .debug_ranges  0x00000048      0x178 C:\Users\Lovro\AppData\Local\Temp\ccEEBTzC.o
 .debug_ranges  0x000001c0       0x10 C:\Users\Lovro\AppData\Local\Temp\cclJpQcq.o
 .debug_ranges  0x000001d0       0x28 C:\Users\Lovro\AppData\Local\Temp\ccY7Ogqk.o
 .debug_ranges  0x000001f8       0x18 C:\Users\Lovro\AppData\Local\Temp\ccJMAv1f.o
 .debug_ranges  0x00000210       0x18 C:\Users\Lovro\AppData\Local\Temp\ccaHxZke.o
 .debug_ranges  0x00000228       0x20 C:\Users\Lovro\AppData\Local\Temp\ccTOim8d.o
 .debug_ranges  0x00000248      0x188 C:\Users\Lovro\AppData\Local\Temp\cc8KzqKi.o

.debug_line     0x00000000     0x149b
 .debug_line    0x00000000      0x1ea main.o
 .debug_line    0x000001ea      0x66c C:\Users\Lovro\AppData\Local\Temp\ccEEBTzC.o
 .debug_line    0x00000856      0x14b C:\Users\Lovro\AppData\Local\Temp\cclJpQcq.o
 .debug_line    0x000009a1      0x166 C:\Users\Lovro\AppData\Local\Temp\ccY7Ogqk.o
 .debug_line    0x00000b07      0x120 C:\Users\Lovro\AppData\Local\Temp\ccJMAv1f.o
 .debug_line    0x00000c27      0x160 C:\Users\Lovro\AppData\Local\Temp\ccaHxZke.o
 .debug_line    0x00000d87      0x1b4 C:\Users\Lovro\AppData\Local\Temp\ccTOim8d.o
 .debug_line    0x00000f3b      0x560 C:\Users\Lovro\AppData\Local\Temp\cc8KzqKi.o

.debug_str      0x00000000     0x17a9
 .debug_str     0x00000000     0x17a9 main.o
                                0x396 (size before relaxing)
 .debug_str     0x000017a9      0x6d2 C:\Users\Lovro\AppData\Local\Temp\ccEEBTzC.o
 .debug_str     0x000017a9      0x1cd C:\Users\Lovro\AppData\Local\Temp\cclJpQcq.o
 .debug_str     0x000017a9      0x2ad C:\Users\Lovro\AppData\Local\Temp\ccY7Ogqk.o
 .debug_str     0x000017a9      0x1e5 C:\Users\Lovro\AppData\Local\Temp\ccJMAv1f.o
 .debug_str     0x000017a9      0x1f9 C:\Users\Lovro\AppData\Local\Temp\ccaHxZke.o
 .debug_str     0x000017a9      0x1ff C:\Users\Lovro\AppData\Local\Temp\ccTOim8d.o
 .debug_str     0x000017a9     0x1040 C:\Users\Lovro\AppData\Local\Temp\cc8KzqKi.o

.debug_frame    0x00000000      0x434
 .debug_frame   0x00000000       0x74 main.o
 .debug_frame   0x00000074      0x15c C:\Users\Lovro\AppData\Local\Temp\ccEEBTzC.o
 .debug_frame   0x000001d0       0x2c C:\Users\Lovro\AppData\Local\Temp\cclJpQcq.o
 .debug_frame   0x000001fc       0x50 C:\Users\Lovro\AppData\Local\Temp\ccY7Ogqk.o
 .debug_frame   0x0000024c       0x30 C:\Users\Lovro\AppData\Local\Temp\ccJMAv1f.o
 .debug_frame   0x0000027c       0x30 C:\Users\Lovro\AppData\Local\Temp\ccaHxZke.o
 .debug_frame   0x000002ac       0x40 C:\Users\Lovro\AppData\Local\Temp\ccTOim8d.o
 .debug_frame   0x000002ec      0x148 C:\Users\Lovro\AppData\Local\Temp\cc8KzqKi.o
